5: node_3 ACK for signal with hash: 7f7a8d0e948a0e38d8ae879d5a80b307278d30a4bbc377279ec9f84258f9e93a
5: node_2 -> node_3 (sig 3) hash: 7f7a8d0e948a0e38d8ae879d5a80b307278d30a4bbc377279ec9f84258f9e93a, payload: node_2;-1040170699
25: node_1 ACK for signal with hash: 7f7a8d0e948a0e38d8ae879d5a80b307278d30a4bbc377279ec9f84258f9e93a
25: node_2 -> node_1 (sig 3) hash: 7f7a8d0e948a0e38d8ae879d5a80b307278d30a4bbc377279ec9f84258f9e93a, payload: node_2;-1040170699
55: node_1 ACK for signal with hash: 7f7a8d0e948a0e38d8ae879d5a80b307278d30a4bbc377279ec9f84258f9e93a
55: node_3 -> node_1 (sig 3) hash: 7f7a8d0e948a0e38d8ae879d5a80b307278d30a4bbc377279ec9f84258f9e93a, payload: node_2;-1040170699
85: node_3 ACK for signal with hash: 7f7a8d0e948a0e38d8ae879d5a80b307278d30a4bbc377279ec9f84258f9e93a
85: node_1 -> node_3 (sig 3) hash: 7f7a8d0e948a0e38d8ae879d5a80b307278d30a4bbc377279ec9f84258f9e93a, payload: node_2;-1040170699
