0: node_2 transaction pool: 1
5: node_3 transaction pool: 1
25: node_1 transaction pool: 1
25: node_1 blockchain height: 1
60: node_2 blockchain height: 1
65: node_3 blockchain height: 1
1000: node_2 transaction pool: 1
1005: node_3 transaction pool: 1
1025: node_1 transaction pool: 1
1025: node_1 blockchain height: 2
1060: node_2 blockchain height: 2
1065: node_3 blockchain height: 2
2000: node_2 transaction pool: 1
2005: node_3 transaction pool: 1
2025: node_1 transaction pool: 1
2025: node_1 blockchain height: 3
2060: node_2 blockchain height: 3
2065: node_3 blockchain height: 3
3000: node_2 transaction pool: 1
3005: node_3 transaction pool: 1
3025: node_1 transaction pool: 1
3025: node_1 blockchain height: 4
3060: node_2 blockchain height: 4
3065: node_3 blockchain height: 4
4000: node_2 transaction pool: 1
4005: node_3 transaction pool: 1
4025: node_1 transaction pool: 1
4025: node_1 blockchain height: 5
4060: node_2 blockchain height: 5
4065: node_3 blockchain height: 5
